[  2%] Building CXX object CMakeFiles/marker_display_probe.dir/app/display_probe.cpp.o
[  2%] Building CXX object CMakeFiles/mark_detector.dir/lib/core/timing.cpp.o
[  5%] Building CXX object CMakeFiles/mark_detector.dir/lib/pipeline/diagnostics_recorder.cpp.o
[  7%] Building CXX object CMakeFiles/mark_detector.dir/lib/pipeline/diagnostics_context.cpp.o
[  7%] Linking CXX executable marker_display_probe
[ 10%] Building CXX object CMakeFiles/mark_detector.dir/lib/pipeline/run_report.cpp.o
[ 10%] Built target marker_display_probe
[ 13%] Building CXX object CMakeFiles/mark_detector.dir/lib/core/marker_geometry.cpp.o
[ 15%] Building CXX object CMakeFiles/mark_detector.dir/lib/core/geometry_utils.cpp.o
[ 18%] Building CXX object CMakeFiles/mark_detector.dir/lib/config/config.cpp.o
[ 21%] Building CXX object CMakeFiles/mark_detector.dir/lib/preprocess/preprocess.cpp.o
[ 23%] Building CXX object CMakeFiles/mark_detector.dir/lib/geometry/geometry_matcher.cpp.o
[ 26%] Building CXX object CMakeFiles/mark_detector.dir/lib/geometry/geometry_observation.cpp.o
[ 28%] Building CXX object CMakeFiles/mark_detector.dir/lib/geometry/geometry_l_topology.cpp.o
[ 31%] Building CXX object CMakeFiles/mark_detector.dir/lib/geometry/geometry_anchor_evidence.cpp.o
[ 34%] Building CXX object CMakeFiles/mark_detector.dir/lib/geometry/geometry_validation.cpp.o
[ 36%] Building CXX object CMakeFiles/mark_detector.dir/lib/geometry/geometry_assignment_completion.cpp.o
[ 39%] Building CXX object CMakeFiles/mark_detector.dir/lib/corners/corner_resolver.cpp.o
[ 42%] Building CXX object CMakeFiles/mark_detector.dir/lib/corners/corner_observation.cpp.o
[ 44%] Building CXX object CMakeFiles/mark_detector.dir/lib/corners/corner_edge_fit.cpp.o
[ 47%] Building CXX object CMakeFiles/mark_detector.dir/lib/corners/corner_evidence_validation.cpp.o
[ 50%] Building CXX object CMakeFiles/mark_detector.dir/lib/corners/screen_order.cpp.o
[ 52%] Building CXX object CMakeFiles/mark_detector.dir/lib/corners/semantic_resolver.cpp.o
[ 55%] Building CXX object CMakeFiles/mark_detector.dir/lib/corners/detection_validator.cpp.o
[ 55%] Building CXX object CMakeFiles/mark_detector.dir/lib/corners/detection_publication.cpp.o
[ 57%] Building CXX object CMakeFiles/mark_detector.dir/lib/pipeline/decode_stage.cpp.o
[ 60%] Building CXX object CMakeFiles/mark_detector.dir/lib/pipeline/frame_sequence.cpp.o
[ 63%] Building CXX object CMakeFiles/mark_detector.dir/lib/pipeline/temporal_geometry.cpp.o
[ 65%] Building CXX object CMakeFiles/mark_detector.dir/lib/pipeline/temporal_stabilizer.cpp.o
[ 68%] Building CXX object CMakeFiles/mark_detector.dir/lib/pipeline/display_history.cpp.o
[ 71%] Building CXX object CMakeFiles/mark_detector.dir/lib/pipeline/stabilize_stage.cpp.o
[ 73%] Building CXX object CMakeFiles/mark_detector.dir/lib/pipeline/detector.cpp.o
[ 76%] Linking CXX static library libmark_detector.a
[ 76%] Built target mark_detector
[ 84%] Building CXX object CMakeFiles/mark_offline.dir/app/offline_runner.cpp.o
[ 84%] Building CXX object CMakeFiles/mark_offline.dir/app/input_completion.cpp.o
[ 84%] Building CXX object CMakeFiles/mark_offline.dir/app/debug_renderer.cpp.o
[ 86%] Building CXX object CMakeFiles/mark_offline.dir/app/display_session.cpp.o
[ 89%] Building CXX object CMakeFiles/mark_offline.dir/app/video_exporter.cpp.o
[ 92%] Building CXX object CMakeFiles/mark_offline.dir/app/run_console.cpp.o
[ 94%] Linking CXX static library libmark_offline.a
[ 94%] Built target mark_offline
[ 97%] Building CXX object CMakeFiles/marker_app.dir/app/main.cpp.o
[100%] Linking CXX executable marker_app
[100%] Built target marker_app
