{
  "total_frames": 1676,
  "selected_frames": 112,
  "statuses_all": {
    "3": 976,
    "2": 700
  },
  "statuses_selected": {
    "2": 112
  },
  "counts_selected": {
    "components": 672,
    "observations": 672,
    "generated": 348,
    "validated": 113,
    "completed": 113,
    "measurements": 1,
    "detections": 0,
    "tracks": 0
  },
  "candidate_rejections": [
    {
      "reason": "hypothesis rejected: geometric residual too large",
      "occurrences": 235,
      "frame_count": 112,
      "frame_ids": [
        4,
        7,
        14,
        17,
        21,
        22,
        25,
        32,
        129,
        134,
        148,
        150,
        153,
        154,
        177,
        193,
        206,
        207,
        215,
        226,
        228,
        234,
        239,
        245,
        246,
        261,
        278,
        280,
        291,
        297,
        299,
        300,
        305,
        307,
        322,
        332,
        366,
        369,
        373,
        374,
        376,
        377,
        382,
        383,
        384,
        394,
        395,
        408,
        409,
        422,
        472,
        478,
        480,
        511,
        512,
        515,
        533,
        538,
        565,
        579,
        610,
        614,
        620,
        623,
        635,
        648,
        659,
        661,
        678,
        679,
        695,
        704,
        710,
        716,
        720,
        754,
        763,
        784,
        984,
        1029,
        1039,
        1041,
        1043,
        1047,
        1059,
        1062,
        1098,
        1108,
        1111,
        1122,
        1132,
        1150,
        1156,
        1160,
        1399,
        1406,
        1414,
        1442,
        1455,
        1462,
        1488,
        1489,
        1490,
        1491,
        1500,
        1528,
        1536,
        1552,
        1573,
        1666,
        1669,
        1673
      ]
    },
    {
      "reason": "corner/NO_VALID_ADJACENT_EDGES",
      "occurrences": 112,
      "frame_count": 112,
      "frame_ids": [
        4,
        7,
        14,
        17,
        21,
        22,
        25,
        32,
        129,
        134,
        148,
        150,
        153,
        154,
        177,
        193,
        206,
        207,
        215,
        226,
        228,
        234,
        239,
        245,
        246,
        261,
        278,
        280,
        291,
        297,
        299,
        300,
        305,
        307,
        322,
        332,
        366,
        369,
        373,
        374,
        376,
        377,
        382,
        383,
        384,
        394,
        395,
        408,
        409,
        422,
        472,
        478,
        480,
        511,
        512,
        515,
        533,
        538,
        565,
        579,
        610,
        614,
        620,
        623,
        635,
        648,
        659,
        661,
        678,
        679,
        695,
        704,
        710,
        716,
        720,
        754,
        763,
        784,
        984,
        1029,
        1039,
        1041,
        1043,
        1047,
        1059,
        1062,
        1098,
        1108,
        1111,
        1122,
        1132,
        1150,
        1156,
        1160,
        1399,
        1406,
        1414,
        1442,
        1455,
        1462,
        1488,
        1489,
        1490,
        1491,
        1500,
        1528,
        1536,
        1552,
        1573,
        1666,
        1669,
        1673
      ]
    },
    {
      "reason": "UNRESOLVED_COMPETING_GEOMETRY: 存在无法排除的失败候选",
      "occurrences": 1,
      "frame_count": 1,
      "frame_ids": [
        382
      ]
    }
  ],
  "failed_corner_counts": {
    "2": 35,
    "0": 8,
    "1": 58,
    "3": 11
  },
  "internal_gate_rejections_failed_calls_only": {
    "connection": 3860913,
    "direction_or_position_arc": 1283518,
    "discontinuous_arc": 652110,
    "short_or_residual_arc": 308148,
    "corner_or_extension": 29797
  },
  "production_thresholds": {
    "max_line_fit_error": 0.5,
    "max_edge_position_distance_px": 9.0
  },
  "truncated_selected": 0,
  "notes": [
    "仅使用result.diagnostics一次；不重复累加events和details内相同诊断。",
    "角点按首次失败短路；后续角没有执行，不计为通过或拒绝。",
    "内部弧/弧对次数不是假设数，更不是失败帧数。",
    "preprocess以帧为单位；components→observations→generated的单位不同，不能相减得候选拒绝数。",
    "assignment completion可产生分支，validated与completed差额不代表拒绝数。"
  ]
}
