-- Configuring done (0.0s)
-- Generating done (0.0s)
-- Build files have been written to: /tmp/marker112-sandbox-build
[  1%] Built target marker_display_probe
[  3%] Building CXX object CMakeFiles/mark_detector.dir/lib/corners/corner_observation.cpp.o
[  3%] Building CXX object CMakeFiles/mark_detector.dir/lib/corners/corner_resolver.cpp.o
[  4%] Building CXX object CMakeFiles/mark_detector.dir/lib/corners/corner_edge_fit.cpp.o
[  5%] Building CXX object CMakeFiles/mark_detector.dir/lib/corners/corner_evidence_validation.cpp.o
[  6%] Linking CXX static library libmark_detector.a
[ 29%] Built target mark_detector
[ 31%] Linking CXX executable timing_test
[ 32%] Built target mark_frame_record_reader
[ 33%] Linking CXX executable temporal_stabilizer_test
[ 34%] Building CXX object CMakeFiles/mark_offline.dir/app/offline_runner.cpp.o
[ 35%] Linking CXX executable display_history_test
[ 36%] Built target timing_test
[ 37%] Linking CXX executable temporal_integration_test
[ 38%] Built target temporal_stabilizer_test
[ 39%] Linking CXX executable block3_contract_regression_test
[ 40%] Built target display_history_test
[ 41%] Linking CXX executable assignment_completion_test
[ 42%] Built target temporal_integration_test
[ 43%] Linking CXX executable corner_edge_fit_test
[ 44%] Built target block3_contract_regression_test
[ 45%] Building CXX object CMakeFiles/mark_offline.dir/app/debug_renderer.cpp.o
[ 45%] Built target assignment_completion_test
[ 46%] Linking CXX executable config_contract_test
[ 47%] Built target corner_edge_fit_test
[ 48%] Linking CXX executable config_error_test
[ 49%] Built target config_contract_test
[ 50%] Linking CXX executable config_roundtrip_test
[ 51%] Built target config_error_test
[ 51%] Linking CXX executable detector_contract_test
[ 52%] Built target config_roundtrip_test
[ 53%] Linking CXX executable geometry_model_test
[ 54%] Built target detector_contract_test
[ 55%] Linking CXX executable geometry_utils_test
[ 56%] Built target geometry_model_test
[ 57%] Linking CXX executable geometry_matcher_test
[ 58%] Built target geometry_utils_test
[ 59%] Built target geometry_matcher_test
[ 60%] Linking CXX executable manual_validation_check
[ 61%] Linking CXX executable corner_resolver_test
[ 62%] Built target manual_validation_check
[ 63%] Built target corner_resolver_test
[ 64%] Linking CXX executable screen_order_test
[ 65%] Linking CXX executable semantic_resolver_test
[ 66%] Building CXX object CMakeFiles/mark_offline.dir/app/input_completion.cpp.o
[ 67%] Built target screen_order_test
[ 68%] Built target semantic_resolver_test
[ 69%] Linking CXX executable detection_validator_test
[ 70%] Linking CXX executable geometry_l_topology_test
[ 71%] Built target geometry_l_topology_test
[ 72%] Built target detection_validator_test
[ 73%] Linking CXX executable geometry_anchor_evidence_test
[ 75%] Linking CXX executable path_a_competition_test
[ 75%] Building CXX object CMakeFiles/mark_offline.dir/app/display_session.cpp.o
[ 76%] Built target geometry_anchor_evidence_test
[ 77%] Built target path_a_competition_test
[ 78%] Linking CXX executable observability_verify
[ 79%] Linking CXX executable final_fixes_verify
[ 80%] Built target observability_verify
[ 81%] Linking CXX executable path_a_verify
[ 82%] Built target final_fixes_verify
[ 83%] Building CXX object CMakeFiles/mark_offline.dir/app/video_exporter.cpp.o
[ 84%] Built target path_a_verify
[ 85%] Building CXX object CMakeFiles/mark_offline.dir/app/run_console.cpp.o
[ 86%] Linking CXX executable diagnostics_record_test
[ 87%] Built target diagnostics_record_test
[ 88%] Linking CXX static library libmark_offline.a
[ 88%] Built target mark_offline
[ 89%] Linking CXX executable observability_integration_test
[ 92%] Linking CXX executable debug_renderer_test
[ 92%] Building CXX object CMakeFiles/decode_audit.dir/tools/audit/decode_audit.cpp.o
[ 92%] Linking CXX executable marker_app
[ 93%] Built target debug_renderer_test
[ 94%] Building CXX object CMakeFiles/temporal_audit.dir/tools/audit/temporal_audit.cpp.o
[ 95%] Built target marker_app
[ 96%] Built target observability_integration_test
[ 97%] Linking CXX executable geometry_audit
[ 98%] Linking CXX executable decode_audit
[ 99%] Built target geometry_audit
[ 99%] Built target decode_audit
[100%] Linking CXX executable temporal_audit
[100%] Built target temporal_audit
