[  2%] Built target marker_display_probe
[ 30%] Built target mark_detector
[ 32%] Built target timing_test
[ 34%] Built target mark_frame_record_reader
[ 36%] Built target temporal_stabilizer_test
[ 42%] Built target mark_offline
[ 46%] Built target display_history_test
[ 46%] Built target temporal_integration_test
[ 48%] Built target block3_contract_regression_test
[ 49%] Built target assignment_completion_test
[ 51%] Built target config_contract_test
[ 53%] Built target config_error_test
[ 54%] Building CXX object CMakeFiles/corner_edge_fit_test.dir/tests/corner_edge_fit_test.cpp.o
[ 56%] Built target config_roundtrip_test
[ 58%] Built target geometry_model_test
[ 60%] Built target detector_contract_test
[ 62%] Built target geometry_utils_test
[ 64%] Built target geometry_matcher_test
[ 66%] Built target manual_validation_check
[ 68%] Built target corner_resolver_test
[ 70%] Built target semantic_resolver_test
[ 71%] Built target screen_order_test
[ 73%] Built target detection_validator_test
[ 74%] Built target geometry_l_topology_test
[ 76%] Built target geometry_anchor_evidence_test
[ 78%] Built target path_a_competition_test
[ 80%] Built target decode_audit
[ 82%] Built target temporal_audit
[ 84%] Built target geometry_audit
[ 85%] Built target observability_verify
[ 87%] Built target final_fixes_verify
[ 89%] Built target path_a_verify
[ 91%] Built target recovery112_benchmark
[ 93%] Built target recovery112_synthetic
[ 95%] Built target marker_app
[ 96%] Built target diagnostics_record_test
[ 98%] Built target debug_renderer_test
[100%] Built target observability_integration_test
[100%] Linking CXX executable corner_edge_fit_test
[100%] Built target corner_edge_fit_test
