-- GLOB mismatch!
-- GLOB mismatch!
-- Configuring done (0.0s)
-- Generating done (0.0s)
-- Build files have been written to: /home/tushenghao/projects/campus-marker-opencv-assignment/build/112-recovery/release
[  2%] Built target marker_display_probe
[  4%] Building CXX object CMakeFiles/mark_detector.dir/lib/pipeline/diagnostics_recorder.cpp.o
[  4%] Building CXX object CMakeFiles/mark_detector.dir/lib/pipeline/diagnostics_context.cpp.o
[  5%] Building CXX object CMakeFiles/mark_detector.dir/lib/corners/corner_resolver.cpp.o
[  6%] Building CXX object CMakeFiles/mark_detector.dir/lib/corners/corner_edge_fit.cpp.o
[  7%] Building CXX object CMakeFiles/mark_detector.dir/lib/corners/periodic_line_fit.cpp.o
[  8%] Building CXX object CMakeFiles/mark_detector.dir/lib/corners/corner_evidence_validation.cpp.o
[  9%] Building CXX object CMakeFiles/mark_detector.dir/lib/corners/screen_order.cpp.o
[ 10%] Building CXX object CMakeFiles/mark_detector.dir/lib/corners/semantic_resolver.cpp.o
[ 11%] Building CXX object CMakeFiles/mark_detector.dir/lib/corners/detection_validator.cpp.o
[ 12%] Building CXX object CMakeFiles/mark_detector.dir/lib/corners/detection_publication.cpp.o
[ 13%] Building CXX object CMakeFiles/mark_detector.dir/lib/pipeline/decode_stage.cpp.o
[ 13%] Building CXX object CMakeFiles/mark_detector.dir/lib/pipeline/stabilize_stage.cpp.o
[ 14%] Building CXX object CMakeFiles/mark_detector.dir/lib/pipeline/detector.cpp.o
[ 15%] Linking CXX static library libmark_detector.a
[ 31%] Built target mark_detector
[ 33%] Built target mark_frame_record_reader
[ 34%] Linking CXX executable temporal_stabilizer_test
[ 35%] Building CXX object CMakeFiles/timing_test.dir/tests/timing_test.cpp.o
[ 36%] Building CXX object CMakeFiles/mark_offline.dir/app/offline_runner.cpp.o
[ 37%] Linking CXX executable display_history_test
[ 38%] Built target display_history_test
[ 39%] Built target temporal_stabilizer_test
[ 40%] Building CXX object CMakeFiles/temporal_integration_test.dir/tests/temporal_integration_test.cpp.o
[ 41%] Building CXX object CMakeFiles/block3_contract_regression_test.dir/tests/block3_contract_regression_test.cpp.o
[ 42%] Linking CXX executable timing_test
[ 42%] Built target timing_test
[ 42%] Building CXX object CMakeFiles/assignment_completion_test.dir/tests/assignment_completion_test.cpp.o
[ 43%] Linking CXX executable temporal_integration_test
[ 44%] Building CXX object CMakeFiles/mark_offline.dir/app/debug_renderer.cpp.o
[ 44%] Built target temporal_integration_test
[ 45%] Building CXX object CMakeFiles/corner_edge_fit_test.dir/tests/corner_edge_fit_test.cpp.o
[ 46%] Linking CXX executable block3_contract_regression_test
[ 46%] Built target block3_contract_regression_test
[ 47%] Linking CXX executable config_contract_test
[ 48%] Built target config_contract_test
[ 49%] Linking CXX executable config_error_test
[ 50%] Building CXX object CMakeFiles/mark_offline.dir/app/input_completion.cpp.o
[ 51%] Built target config_error_test
[ 52%] Linking CXX executable config_roundtrip_test
[ 53%] Built target config_roundtrip_test
[ 54%] Building CXX object CMakeFiles/mark_offline.dir/app/display_session.cpp.o
[ 55%] Linking CXX executable detector_contract_test
[ 56%] Linking CXX executable assignment_completion_test
[ 57%] Built target detector_contract_test
[ 58%] Linking CXX executable geometry_model_test
[ 58%] Built target assignment_completion_test
[ 59%] Linking CXX executable geometry_utils_test
[ 60%] Linking CXX executable corner_edge_fit_test
[ 61%] Built target geometry_model_test
[ 62%] Building CXX object CMakeFiles/geometry_matcher_test.dir/tests/geometry_matcher_test.cpp.o
[ 63%] Built target geometry_utils_test
[ 64%] Linking CXX executable manual_validation_check
[ 64%] Built target corner_edge_fit_test
[ 65%] Building CXX object CMakeFiles/corner_resolver_test.dir/tests/corner_resolver_test.cpp.o
[ 66%] Built target manual_validation_check
[ 67%] Building CXX object CMakeFiles/mark_offline.dir/app/video_exporter.cpp.o
[ 68%] Building CXX object CMakeFiles/screen_order_test.dir/tests/screen_order_test.cpp.o
[ 69%] Linking CXX executable screen_order_test
[ 70%] Building CXX object CMakeFiles/mark_offline.dir/app/run_console.cpp.o
[ 70%] Built target screen_order_test
[ 71%] Building CXX object CMakeFiles/semantic_resolver_test.dir/tests/semantic_resolver_test.cpp.o
[ 72%] Linking CXX executable corner_resolver_test
[ 73%] Linking CXX static library libmark_offline.a
[ 73%] Built target mark_offline
[ 74%] Building CXX object CMakeFiles/detection_validator_test.dir/tests/detection_validator_test.cpp.o
[ 74%] Built target corner_resolver_test
[ 75%] Building CXX object CMakeFiles/geometry_l_topology_test.dir/tests/geometry_l_topology_test.cpp.o
[ 75%] Linking CXX executable geometry_matcher_test
[ 75%] Built target geometry_matcher_test
[ 76%] Building CXX object CMakeFiles/geometry_anchor_evidence_test.dir/tests/geometry_anchor_evidence_test.cpp.o
[ 77%] Linking CXX executable semantic_resolver_test
[ 77%] Built target semantic_resolver_test
[ 78%] Building CXX object CMakeFiles/path_a_competition_test.dir/tests/path_a_competition_test.cpp.o
[ 79%] Linking CXX executable detection_validator_test
[ 79%] Built target detection_validator_test
[ 80%] Building CXX object CMakeFiles/decode_audit.dir/tools/audit/decode_audit.cpp.o
[ 81%] Linking CXX executable geometry_l_topology_test
[ 81%] Built target geometry_l_topology_test
[ 82%] Building CXX object CMakeFiles/temporal_audit.dir/tools/audit/temporal_audit.cpp.o
[ 82%] Linking CXX executable decode_audit
[ 82%] Built target decode_audit
[ 83%] Linking CXX executable geometry_audit
[ 84%] Linking CXX executable geometry_anchor_evidence_test
[ 84%] Built target geometry_anchor_evidence_test
[ 85%] Linking CXX executable observability_verify
[ 86%] Built target geometry_audit
[ 87%] Linking CXX executable final_fixes_verify
[ 87%] Built target observability_verify
[ 88%] Building CXX object CMakeFiles/path_a_verify.dir/tools/validation/path_a_verify.cpp.o
[ 89%] Linking CXX executable path_a_competition_test
[ 90%] Built target final_fixes_verify
[ 90%] Built target path_a_competition_test
[ 91%] Linking CXX executable marker_app
[ 92%] Building CXX object CMakeFiles/diagnostics_record_test.dir/tests/diagnostics_record_test.cpp.o
[ 93%] Linking CXX executable temporal_audit
[ 94%] Built target marker_app
[ 95%] Building CXX object CMakeFiles/debug_renderer_test.dir/tests/debug_renderer_test.cpp.o
[ 95%] Built target temporal_audit
[ 96%] Building CXX object CMakeFiles/observability_integration_test.dir/tests/observability_integration_test.cpp.o
[ 97%] Linking CXX executable diagnostics_record_test
[ 97%] Built target diagnostics_record_test
[ 98%] Linking CXX executable debug_renderer_test
[ 98%] Built target debug_renderer_test
[ 99%] Linking CXX executable observability_integration_test
[ 99%] Built target observability_integration_test
[100%] Linking CXX executable path_a_verify
[100%] Built target path_a_verify
