-- Configuring done (0.0s)
-- Generating done (0.0s)
-- Build files have been written to: /tmp/marker112-sandbox-build
[  2%] Built target marker_display_probe
[  7%] Building CXX object CMakeFiles/mark_detector.dir/lib/corners/corner_observation.cpp.o
[  7%] Building CXX object CMakeFiles/mark_detector.dir/lib/corners/corner_edge_fit.cpp.o
[ 10%] Building CXX object CMakeFiles/mark_detector.dir/lib/corners/corner_resolver.cpp.o
[ 13%] Building CXX object CMakeFiles/mark_detector.dir/lib/pipeline/decode_stage.cpp.o
[ 15%] Linking CXX static library libmark_detector.a
[ 76%] Built target mark_detector
[ 78%] Building CXX object CMakeFiles/mark_offline.dir/app/offline_runner.cpp.o
[ 81%] Building CXX object CMakeFiles/mark_offline.dir/app/debug_renderer.cpp.o
[ 84%] Building CXX object CMakeFiles/mark_offline.dir/app/input_completion.cpp.o
[ 86%] Building CXX object CMakeFiles/mark_offline.dir/app/display_session.cpp.o
[ 89%] Building CXX object CMakeFiles/mark_offline.dir/app/video_exporter.cpp.o
[ 92%] Building CXX object CMakeFiles/mark_offline.dir/app/run_console.cpp.o
[ 94%] Linking CXX static library libmark_offline.a
[ 94%] Built target mark_offline
[ 97%] Linking CXX executable marker_app
[100%] Built target marker_app
